npx : [?25h
En línea: 1 Carácter: 1
+ npx next build 
2>build_errors.txt; 
Get-Content 
build_errors.txt -Tail 
...
+ ~~~~~~~~~~~~~~~~~~~~~
~~~~~~~~~~~~
    + CategoryInfo     
         : NotSpecifi  
  ed: ([?25h:String   
 ) [], RemoteExcept    
ion
    + FullyQualifiedEr 
   rorId : NativeComm  
  andError
 
