   Ôû▓ Next.js 15.5.12
   - Environments: .env.local, .env
   - Experiments (use with caution):
     ┬À serverActions

   Creating an optimized production build ...
 Ô£ô Compiled successfully in 35.8s
   Skipping validation of types
   Skipping linting
   Collecting page data ...
­ƒöî Initializing Prisma Client with REAL database connection
­ƒöî Initializing Prisma Client with REAL database connection
­ƒöî Initializing Prisma Client with REAL database connection
­ƒöî Initializing Prisma Client with REAL database connection
­ƒöî Initializing Prisma Client with REAL database connection
­ƒöî Initializing Prisma Client with REAL database connection
­ƒöî Initializing Prisma Client with REAL database connection
­ƒöî Initializing Prisma Client with REAL database connection
­ƒöî Initializing Prisma Client with REAL database connection
­ƒöî Initializing Prisma Client with REAL database connection
­ƒöî Initializing Prisma Client with REAL database connection
   Generating static pages (0/10) ...
­ƒöî Initializing Prisma Client with REAL database connection
   Generating static pages (2/10) 
   Generating static pages (4/10) 
   Generating static pages (7/10) 
 Ô£ô Generating static pages (10/10)
   Finalizing page optimization ...
   Collecting build traces ...

Route (app)                                 Size  First Load JS
Ôöî ãÆ /                                      163 B         102 kB
Ôö£ ãÆ /_not-found                            163 B         102 kB
Ôö£ ãÆ /admin/departments                   5.93 kB         150 kB
Ôö£ ãÆ /admin/projects                      6.22 kB         150 kB
Ôö£ ãÆ /admin/teams                         3.47 kB         109 kB
Ôö£ ãÆ /admin/teams/[id]                    6.19 kB         112 kB
Ôö£ ãÆ /admin/users                         9.06 kB         156 kB
Ôö£ ãÆ /api/auth/[...nextauth]                163 B         102 kB
Ôö£ ãÆ /api/cron/mark-overdue                 163 B         102 kB
Ôö£ ãÆ /api/health                            163 B         102 kB
Ôö£ ãÆ /api/notifications                     163 B         102 kB
Ôö£ ãÆ /api/notifications/[id]/read           163 B         102 kB
Ôö£ ãÆ /api/notifications/read-all            163 B         102 kB
Ôö£ ãÆ /api/projects                          163 B         102 kB
Ôö£ ãÆ /api/search                            163 B         102 kB
Ôö£ ãÆ /api/upload                            163 B         102 kB
Ôö£ ãÆ /calendar                            17.8 kB         172 kB
Ôö£ ãÆ /control-horas                         163 B         102 kB
Ôö£ ãÆ /control-horas/anual                   163 B         102 kB
Ôö£ ãÆ /control-horas/cep                   6.59 kB         109 kB
Ôö£ ãÆ /control-horas/equipo                5.25 kB         116 kB
Ôö£ ãÆ /control-horas/global                5.52 kB         147 kB
Ôö£ ãÆ /control-horas/matriz                6.74 kB         114 kB
Ôö£ ãÆ /control-horas/mi-hoja               6.77 kB         123 kB
Ôö£ ãÆ /control-horas/proyectos             3.97 kB         112 kB
Ôö£ ãÆ /dashboard                           2.89 kB         148 kB
Ôö£ ãÆ /hours                               5.08 kB         116 kB
Ôö£ ãÆ /hours/approvals                     3.17 kB         105 kB
Ôö£ ãÆ /hours/daily                         4.07 kB         145 kB
Ôö£ ãÆ /hours/summary                         446 B         102 kB
Ôö£ ãÆ /hr/absences                         8.38 kB         158 kB
Ôö£ ãÆ /hr/absences/[id]                    7.29 kB         155 kB
Ôö£ ãÆ /hr/absences/calendar                6.48 kB         160 kB
Ôö£ ãÆ /login                               3.68 kB         150 kB
Ôö£ ãÆ /my-absences                         5.14 kB         158 kB
Ôö£ ãÆ /notifications                       6.59 kB         155 kB
Ôö£ ãÆ /settings                             7.3 kB         154 kB
Ôö£ ãÆ /superadmin                          3.61 kB         109 kB
Ôö£ ãÆ /superadmin/companies                3.98 kB         109 kB
Ôö£ ãÆ /superadmin/companies/[id]           4.53 kB         110 kB
Ôö£ ãÆ /superadmin/companies/[id]/settings  3.55 kB         109 kB
Ôö£ ãÆ /superadmin/companies/new             2.5 kB         108 kB
Ôö£ ãÆ /superadmin/holidays                 4.55 kB         107 kB
Ôö£ ãÆ /superadmin/logs                     6.03 kB         115 kB
Ôö£ ãÆ /tablero                             15.7 kB         176 kB
Ôö£ ãÆ /tasks                               10.2 kB         171 kB
Ôö£ ãÆ /tasks/calendar                      4.93 kB         150 kB
Ôöö ãÆ /tasks/kanban                        6.59 kB         154 kB
+ First Load JS shared by all             102 kB
  Ôö£ chunks/1255-ad409e5887c155b0.js      45.7 kB
  Ôö£ chunks/4bd1b696-100b9d70ed4e49c1.js  54.2 kB
  Ôöö other shared chunks (total)          2.05 kB


ãÆ Middleware                             86.9 kB

ãÆ  (Dynamic)  server-rendered on demand

