prisma/seed.ts(43,13): error TS2322: Type '{ isActive: true; code: string; name: string; year: number; department: string; }' is not assignable to type '(Without<ProjectCreateInput, ProjectUncheckedCreateInput> & ProjectUncheckedCreateInput) | (Without<...> & ProjectCreateInput)'.
  Type '{ isActive: true; code: string; name: string; year: number; department: string; }' is not assignable to type 'Without<ProjectUncheckedCreateInput, ProjectCreateInput> & ProjectCreateInput'.
    Type '{ isActive: true; code: string; name: string; year: number; department: string; }' is not assignable to type 'ProjectCreateInput'.
      Types of property 'department' are incompatible.
        Type 'string' is not assignable to type 'Department | undefined'.
src/app/(protected)/settings/actions.ts(39,17): error TS2322: Type 'string' is not assignable to type 'EnumDepartmentFieldUpdateOperationsInput | Department | undefined'.
