
[1m[46m RUN [49m[22m [36mv4.0.16 [39m[90mC:/Users/MEP/Desktop/platform424/MepTest-main[39m

 [31mÔØ»[39m tests/permissions.test.ts [2m([22m[2m20 tests[22m[2m | [22m[31m8 failed[39m[2m)[22m[32m 54[2mms[22m[39m
       [32mÔ£ô[39m should have FULL permissions on ALL resources and actions[32m 6[2mms[22m[39m
       [32mÔ£ô[39m should grant 55 total permissions (11 resources ├ù 5 actions)[32m 0[2mms[22m[39m
[31m       [31m├ù[31m should have limited user permissions (read only)[39m[32m 20[2mms[22m[39m
[31m       [31m├ù[31m should have full project permissions except delete[39m[32m 3[2mms[22m[39m
       [32mÔ£ô[39m should have 'own' restriction on timeentries delete[32m 0[2mms[22m[39m
       [32mÔ£ô[39m should have 'own' restriction on expenses update/delete[32m 0[2mms[22m[39m
[31m       [31m├ù[31m should have invoice permissions except delete[39m[32m 4[2mms[22m[39m
[31m       [31m├ù[31m should have analytics read-only access[39m[32m 2[2mms[22m[39m
[31m       [31m├ù[31m should have NO user permissions[39m[32m 1[2mms[22m[39m
       [32mÔ£ô[39m should have read-only access to projects and clients[32m 1[2mms[22m[39m
[31m       [31m├ù[31m should have 'own' restriction on leads update[39m[32m 3[2mms[22m[39m
[31m       [31m├ù[31m should have 'own' restriction on tasks[39m[32m 2[2mms[22m[39m
       [32mÔ£ô[39m should have 'own' restriction on ALL timeentries actions[32m 1[2mms[22m[39m
       [32mÔ£ô[39m should have 'own' restriction on expenses[32m 1[2mms[22m[39m
       [32mÔ£ô[39m should have NO invoice permissions[32m 1[2mms[22m[39m
       [32mÔ£ô[39m should have NO analytics permissions[32m 0[2mms[22m[39m
       [32mÔ£ô[39m should have approve:false on ALL resources[32m 1[2mms[22m[39m
     [32mÔ£ô[39m ADMIN should have most total permissions[32m 1[2mms[22m[39m
[31m     [31m├ù[31m MANAGER should have moderate permissions[39m[32m 1[2mms[22m[39m
     [32mÔ£ô[39m WORKER should have limited permissions (~15-20)[32m 1[2mms[22m[39m
npx : 
En línea: 1 
Carácter: 1
+ npx vitest run test
s/permissions.test.ts
 > test_output.txt 
2>&1
+ ~~~~~~~~~~~~~~~~~~~
~~~~~~~~~~~~~~~~~~~~~
~~~~~~~~~~~~~~~~~~~~~
~~
    + CategoryInfo   
           : NotSpe  
  cified: (:String   
 ) [], RemoteExce    
ption
    + FullyQualified 
   ErrorId : Native  
  CommandError
 
[31mÔÄ»ÔÄ»ÔÄ»ÔÄ»ÔÄ»Ô
Ä»[39m[1m[41m 
Failed Suites 1 [49m
[22m[31mÔÄ»ÔÄ»ÔÄ»ÔÄ
»ÔÄ»ÔÄ»ÔÄ»[39m

[41m[1m FAIL 
[22m[49m tests/perm
issions.test.ts[2m 
> [22mPermissions - 
getBasePermission 
Function[2m > 
[22mEdge Cases
[31m[1mError[22m: 
No test found in 
suite Edge Cases[39m
[31m[2mÔÄ»ÔÄ»ÔÄ»ÔÄ»
ÔÄ»ÔÄ»ÔÄ»ÔÄ»ÔÄ»ÔÄ»ÔÄ»
ÔÄ»ÔÄ»ÔÄ»ÔÄ»ÔÄ»ÔÄ»ÔÄ»
ÔÄ»ÔÄ»ÔÄ»ÔÄ»ÔÄ»ÔÄ»[1/
9]ÔÄ»[22m[39m


[31mÔÄ»ÔÄ»ÔÄ»ÔÄ»ÔÄ»Ô
Ä»ÔÄ»[39m[1m[41m 
Failed Tests 8 [49m
[22m[31mÔÄ»ÔÄ»ÔÄ»ÔÄ»
ÔÄ»ÔÄ»ÔÄ»[39m

[41m[1m FAIL 
[22m[49m tests/perm
issions.test.ts[2m 
> [22mPermissions - 
getBasePermission 
Function[2m > 
[22mMANAGER 
Role[2m > 
[22mshould have 
limited user 
permissions (read 
only)
[31m[1mAssertionErr
or[22m: expected 
'team' to be true // 
Object.is 
equality[39m

[32m- 
Expected:[39m 
true

[31m+ 
Received:[39m 
"team"

[36m [2mÔØ»[22m te
sts/permissions.test.
ts:[2m69:67[22m[39
m
    [90m 67| [39m  
  [34mdescribe[39m(
[32m"MANAGER Role"[
39m[33m,[39m () 
[33m=>[39m {
    [90m 68| [39m  
      [34mit[39m([
32m"should have 
limited user 
permissions (read onl
y)"[39m[33m,[39m 
() [33m=>[39m {
    [90m 69| [39m  
          expect(getB
asePermission("MANAGE
R", "users", 
"read")).toBeÔÇª
    [90m   | [39m  
                     
                     
                     
 [31m^[39m
    [90m 70| [39m  
          expect(getB
asePermission("MANAGE
R", "users", 
"create")).toÔÇª
    [90m 71| [39m  
          expect(getB
asePermission("MANAGE
R", "users", 
"update")).toÔÇª

[31m[2mÔÄ»ÔÄ»ÔÄ»ÔÄ»
ÔÄ»ÔÄ»ÔÄ»ÔÄ»ÔÄ»ÔÄ»ÔÄ»
ÔÄ»ÔÄ»ÔÄ»ÔÄ»ÔÄ»ÔÄ»ÔÄ»
ÔÄ»ÔÄ»ÔÄ»ÔÄ»ÔÄ»ÔÄ»[2/
9]ÔÄ»[22m[39m

[41m[1m FAIL 
[22m[49m tests/perm
issions.test.ts[2m 
> [22mPermissions - 
getBasePermission 
Function[2m > 
[22mMANAGER 
Role[2m > 
[22mshould have 
full project 
permissions except 
delete
[31m[1mAssertionErr
or[22m: expected 
'team' to be true // 
Object.is 
equality[39m

[32m- 
Expected:[39m 
true

[31m+ 
Received:[39m 
"team"

[36m [2mÔØ»[22m te
sts/permissions.test.
ts:[2m77:70[22m[39
m
    [90m 75| [39m  
      it("should 
have full project 
permissions except 
delete", () =>ÔÇª
    [90m 76| [39m  
          expect(getB
asePermission("MANAGE
R", "projects", 
"create"))ÔÇª
    [90m 77| [39m  
          expect(getB
asePermission("MANAGE
R", "projects", 
"read")).tÔÇª
    [90m   | [39m  
                     
                     
                     
    [31m^[39m
    [90m 78| [39m  
          expect(getB
asePermission("MANAGE
R", "projects", 
"update"))ÔÇª
    [90m 79| [39m  
          expect(getB
asePermission("MANAGE
R", "projects", 
"approve")ÔÇª

[31m[2mÔÄ»ÔÄ»ÔÄ»ÔÄ»
ÔÄ»ÔÄ»ÔÄ»ÔÄ»ÔÄ»ÔÄ»ÔÄ»
ÔÄ»ÔÄ»ÔÄ»ÔÄ»ÔÄ»ÔÄ»ÔÄ»
ÔÄ»ÔÄ»ÔÄ»ÔÄ»ÔÄ»ÔÄ»[3/
9]ÔÄ»[22m[39m

[41m[1m FAIL 
[22m[49m tests/perm
issions.test.ts[2m 
> [22mPermissions - 
getBasePermission 
Function[2m > 
[22mMANAGER 
Role[2m > 
[22mshould have 
invoice permissions 
except delete
[31m[1mAssertionErr
or[22m: expected 
false to be true // 
Object.is 
equality[39m

[32m- Expected[39m
[31m+ Received[39m

[32m- true[39m
[31m+ false[39m

[36m [2mÔØ»[22m te
sts/permissions.test.
ts:[2m93:72[22m[39
m
    [90m 91| [39m
    [90m 92| [39m  
      [34mit[39m([
32m"should have 
invoice permissions 
except delete"[39m[
33m,[39m () 
[33m=>[39m {
    [90m 93| [39m  
          expect(getB
asePermission("MANAGE
R", "invoices", 
"create"))ÔÇª
    [90m   | [39m  
                     
                     
                     
      [31m^[39m
    [90m 94| [39m  
          expect(getB
asePermission("MANAGE
R", "invoices", 
"read")).tÔÇª
    [90m 95| [39m  
          expect(getB
asePermission("MANAGE
R", "invoices", 
"update"))ÔÇª

[31m[2mÔÄ»ÔÄ»ÔÄ»ÔÄ»
ÔÄ»ÔÄ»ÔÄ»ÔÄ»ÔÄ»ÔÄ»ÔÄ»
ÔÄ»ÔÄ»ÔÄ»ÔÄ»ÔÄ»ÔÄ»ÔÄ»
ÔÄ»ÔÄ»ÔÄ»ÔÄ»ÔÄ»ÔÄ»[4/
9]ÔÄ»[22m[39m

[41m[1m FAIL 
[22m[49m tests/perm
issions.test.ts[2m 
> [22mPermissions - 
getBasePermission 
Function[2m > 
[22mMANAGER 
Role[2m > 
[22mshould have 
analytics read-only 
access
[31m[1mAssertionErr
or[22m: expected 
'team' to be true // 
Object.is 
equality[39m

[32m- 
Expected:[39m 
true

[31m+ 
Received:[39m 
"team"

[36m [2mÔØ»[22m te
sts/permissions.test.
ts:[2m101:71[22m[3
9m
    [90m 99| [39m
    [90m100| [39m  
      [34mit[39m([
32m"should have 
analytics read-only a
ccess"[39m[33m,[39
m () [33m=>[39m {
    [90m101| [39m  
          expect(getB
asePermission("MANAGE
R", "analytics", 
"read")).ÔÇª
    [90m   | [39m  
                     
                     
                     
     [31m^[39m
    [90m102| [39m  
          expect(getB
asePermission("MANAGE
R", "analytics", 
"create")ÔÇª
    [90m103| [39m  
          expect(getB
asePermission("MANAGE
R", "analytics", 
"update")ÔÇª

[31m[2mÔÄ»ÔÄ»ÔÄ»ÔÄ»
ÔÄ»ÔÄ»ÔÄ»ÔÄ»ÔÄ»ÔÄ»ÔÄ»
ÔÄ»ÔÄ»ÔÄ»ÔÄ»ÔÄ»ÔÄ»ÔÄ»
ÔÄ»ÔÄ»ÔÄ»ÔÄ»ÔÄ»ÔÄ»[5/
9]ÔÄ»[22m[39m

[41m[1m FAIL 
[22m[49m tests/perm
issions.test.ts[2m 
> [22mPermissions - 
getBasePermission 
Function[2m > 
[22mWORKER Role[2m 
> [22mshould have 
NO user permissions
[31m[1mAssertionErr
or[22m: expected 
'own' to be false // 
Object.is 
equality[39m

[32m- 
Expected:[39m 
false

[31m+ 
Received:[39m 
"own"

[36m [2mÔØ»[22m te
sts/permissions.test.
ts:[2m112:68[22m[3
9m
    [90m110| [39m  
          expect(getB
asePermission("WORKER
", "users", 
"read")).toBe(ÔÇª
    [90m111| [39m  
          expect(getB
asePermission("WORKER
", "users", 
"create")).toBÔÇª
    [90m112| [39m  
          expect(getB
asePermission("WORKER
", "users", 
"update")).toBÔÇª
    [90m   | [39m  
                     
                     
                     
  [31m^[39m
    [90m113| [39m  
          expect(getB
asePermission("WORKER
", "users", 
"delete")).toBÔÇª
    [90m114| [39m  
          expect(getB
asePermission("WORKER
", "users", 
"approve")).toÔÇª

[31m[2mÔÄ»ÔÄ»ÔÄ»ÔÄ»
ÔÄ»ÔÄ»ÔÄ»ÔÄ»ÔÄ»ÔÄ»ÔÄ»
ÔÄ»ÔÄ»ÔÄ»ÔÄ»ÔÄ»ÔÄ»ÔÄ»
ÔÄ»ÔÄ»ÔÄ»ÔÄ»ÔÄ»ÔÄ»[6/
9]ÔÄ»[22m[39m

[41m[1m FAIL 
[22m[49m tests/perm
issions.test.ts[2m 
> [22mPermissions - 
getBasePermission 
Function[2m > 
[22mWORKER Role[2m 
> [22mshould have 
'own' restriction on 
leads update
[31m[1mAssertionErr
or[22m: expected 
'own' to be true // 
Object.is 
equality[39m

[32m- 
Expected:[39m 
true

[31m+ 
Received:[39m 
"own"

[36m [2mÔØ»[22m te
sts/permissions.test.
ts:[2m126:66[22m[3
9m
    [90m124| [39m  
      [34mit[39m([
32m"should have 
'own' restriction on 
leads update"[39m[3
3m,[39m () 
[33m=>[39m {
    [90m125| [39m  
          expect(getB
asePermission("WORKER
", "leads", 
"create")).toBÔÇª
    [90m126| [39m  
          expect(getB
asePermission("WORKER
", "leads", 
"read")).toBe(ÔÇª
    [90m   | [39m  
                     
                     
                     
[31m^[39m
    [90m127| [39m  
          expect(getB
asePermission("WORKER
", "leads", 
"update")).toBÔÇª
    [90m128| [39m  
          expect(getB
asePermission("WORKER
", "leads", 
"delete")).toBÔÇª

[31m[2mÔÄ»ÔÄ»ÔÄ»ÔÄ»
ÔÄ»ÔÄ»ÔÄ»ÔÄ»ÔÄ»ÔÄ»ÔÄ»
ÔÄ»ÔÄ»ÔÄ»ÔÄ»ÔÄ»ÔÄ»ÔÄ»
ÔÄ»ÔÄ»ÔÄ»ÔÄ»ÔÄ»ÔÄ»[7/
9]ÔÄ»[22m[39m

[41m[1m FAIL 
[22m[49m tests/perm
issions.test.ts[2m 
> [22mPermissions - 
getBasePermission 
Function[2m > 
[22mWORKER Role[2m 
> [22mshould have 
'own' restriction on 
tasks
[31m[1mAssertionErr
or[22m: expected 
false to be true // 
Object.is 
equality[39m

[32m- Expected[39m
[31m+ Received[39m

[32m- true[39m
[31m+ false[39m

[36m [2mÔØ»[22m te
sts/permissions.test.
ts:[2m132:68[22m[3
9m
    [90m130| [39m
    [90m131| [39m  
      [34mit[39m([
32m"should have 
'own' restriction on 
tasks"[39m[33m,[39
m () [33m=>[39m {
    [90m132| [39m  
          expect(getB
asePermission("WORKER
", "tasks", 
"create")).toBÔÇª
    [90m   | [39m  
                     
                     
                     
  [31m^[39m
    [90m133| [39m  
          expect(getB
asePermission("WORKER
", "tasks", 
"read")).toBe(ÔÇª
    [90m134| [39m  
          expect(getB
asePermission("WORKER
", "tasks", 
"update")).toBÔÇª

[31m[2mÔÄ»ÔÄ»ÔÄ»ÔÄ»
ÔÄ»ÔÄ»ÔÄ»ÔÄ»ÔÄ»ÔÄ»ÔÄ»
ÔÄ»ÔÄ»ÔÄ»ÔÄ»ÔÄ»ÔÄ»ÔÄ»
ÔÄ»ÔÄ»ÔÄ»ÔÄ»ÔÄ»ÔÄ»[8/
9]ÔÄ»[22m[39m

[41m[1m FAIL 
[22m[49m tests/perm
issions.test.ts[2m 
> [22mPermissions - 
Permission Summary 
by Role[2m > 
[22mMANAGER should 
have moderate 
permissions
[31m[1mAssertionErr
or[22m: expected 20 
to be greater than 
20[39m
[36m [2mÔØ»[22m te
sts/permissions.test.
ts:[2m224:23[22m[3
9m
    [90m222| [39m  
      })[33m;[39m
    [90m223| [39m
    [90m224| [39m  
      [34mexpect[39
m(count)[33m.[39m[
34mtoBeGreaterThan[3
9m([34m20[39m)[33m
;[39m
    [90m   | [39m  
                    
[31m^[39m
    [90m225| [39m  
      [34mexpect[39
m(count)[33m.[39m[
34mtoBeLessThan[39m(
[34m55[39m)[33m;[
39m [90m//  Menos 
que ADMIN[39m
    [90m226| [39m  
  })[33m;[39m

[31m[2mÔÄ»ÔÄ»ÔÄ»ÔÄ»
ÔÄ»ÔÄ»ÔÄ»ÔÄ»ÔÄ»ÔÄ»ÔÄ»
ÔÄ»ÔÄ»ÔÄ»ÔÄ»ÔÄ»ÔÄ»ÔÄ»
ÔÄ»ÔÄ»ÔÄ»ÔÄ»ÔÄ»ÔÄ»[9/
9]ÔÄ»[22m[39m


[2m Test Files [22m [1m[31m1 failed[39m[22m[90m (1)[39m
[2m      Tests [22m [1m[31m8 failed[39m[22m[2m | [22m[1m[32m12 passed[39m[22m[90m (20)[39m
[2m   Start at [22m 12:18:23
[2m   Duration [22m 778ms[2m (transform 228ms, setup 44ms, import 306ms, tests 54ms, environment 0ms)[22m

